设置你的名字和Email地址
$ git config --global user.name "Your Name"
$ git config --global user.email "email@example.com"
mkdir创建目录、cd进入目录
$ mkdir learngit
$ cd learngit
pwd命令用于显示当前目录
$ pwd
通过git init命令把这个目录变成Git可以管理的仓库
$ git init
Initialized empty Git repository in /Users/michael/learngit/.git/

用命令git add告诉Git，把文件添加到仓库
$ git add readme.txt

用命令git commit告诉Git，把文件提交到仓库
$ git commit -m "wrote a readme file"
[master (root-commit) eaadf4e] wrote a readme file
 1 file changed, 2 insertions(+)
 create mode 100644 readme.txt
 解释一下git commit命令，-m后面输入的是本次提交的说明，可以输入任意内容，当然最好是有意义的，这样你就能从历史记录里方便地找到改动记录。
 
 因为commit可以一次提交很多文件，所以你可以多次add不同的文件
 $ git add file1.txt
$ git add file2.txt file3.txt
$ git commit -m "add 3 files."

用git log命令查看修改的历史记录
$ git log
commit 1094adb7b9b3807259d8cb349e7df1d4d6477073 (HEAD -> master)
Author: Michael Liao <askxuefeng@gmail.com>
Date:   Fri May 18 21:06:15 2018 +0800

    append GPL

commit e475afc93c209a690c39c13a46716e8fa000c366
Author: Michael Liao <askxuefeng@gmail.com>
Date:   Fri May 18 21:03:36 2018 +0800

    add distributed

commit eaadf4e385e865d25c48e7ca9c8395c3f7dfaef0
Author: Michael Liao <askxuefeng@gmail.com>
Date:   Fri May 18 20:59:18 2018 +0800

    wrote a readme file
    
如果嫌输出信息太多，看得眼花缭乱的，可以试试加上--pretty=oneline参数：
$ git log --pretty=oneline
1094adb7b9b3807259d8cb349e7df1d4d6477073 (HEAD -> master) append GPL
e475afc93c209a690c39c13a46716e8fa000c366 add distributed
eaadf4e385e865d25c48e7ca9c8395c3f7dfaef0 wrote a readme file

把当前版本append GPL回退到上一个版本add distributed，就可以使用git reset命令
$ git reset --hard HEAD^
HEAD is now at e475afc add distributed

Git提供了一个命令git reflog用来记录你的每一次命令
$ git reflog
e475afc HEAD@{1}: reset: moving to HEAD^
1094adb (HEAD -> master) HEAD@{2}: commit: append GPL
e475afc HEAD@{3}: commit: add distributed
eaadf4e HEAD@{4}: commit (initial): wrote a readme file

